GPU_PREFLIGHT_OK torch=2.10.0 device=mps:0 checksum=357389824.0
[ecology:learned] replay stage=butter tier=near episode=0 interleaved=False pickups=0 deliveries=0
[ecology:learned] replay stage=butter tier=near episode=1 interleaved=False pickups=2 deliveries=1
[ecology:learned] replay stage=butter tier=near episode=2 interleaved=False pickups=1 deliveries=1
[ecology:learned] replay stage=butter tier=near episode=3 interleaved=False pickups=3 deliveries=2
[ecology:learned] replay stage=butter tier=near episode=4 interleaved=False pickups=4 deliveries=2
[ecology:learned] replay stage=burning_match tier=near episode=5 interleaved=False pickups=3 deliveries=1
[ecology:learned] replay stage=burning_match tier=near episode=6 interleaved=False pickups=4 deliveries=0
[ecology:learned] replay stage=burning_match tier=near episode=7 interleaved=False pickups=3 deliveries=1
[ecology:learned] replay stage=burning_match tier=near episode=8 interleaved=False pickups=4 deliveries=1
[ecology:learned] replay stage=burning_match tier=near episode=9 interleaved=False pickups=5 deliveries=3
[ecology:learned] replay stage=composite tier=near episode=10 interleaved=False pickups=1 deliveries=0
[ecology:learned] replay stage=composite tier=near episode=11 interleaved=False pickups=1 deliveries=0
[ecology:learned] replay stage=composite tier=near episode=12 interleaved=False pickups=0 deliveries=0
[ecology:learned] replay stage=composite tier=near episode=13 interleaved=False pickups=0 deliveries=0
[ecology:learned] replay stage=composite tier=near episode=14 interleaved=False pickups=0 deliveries=0
[ecology:learned] replay stage=butter tier=near episode=15 interleaved=False pickups=4 deliveries=0
[ecology:learned] replay stage=butter tier=near episode=16 interleaved=False pickups=5 deliveries=1
[ecology:learned] replay stage=butter tier=near episode=17 interleaved=False pickups=5 deliveries=1
[ecology:learned] replay stage=butter tier=near episode=18 interleaved=False pickups=6 deliveries=2
[ecology:learned] replay stage=butter tier=near episode=19 interleaved=False pickups=7 deliveries=3
[ecology:learned] replay stage=butter tier=near episode=20 interleaved=False pickups=0 deliveries=0
[ecology:learned] replay stage=butter tier=near episode=21 interleaved=False pickups=1 deliveries=0
[ecology:learned] replay stage=butter tier=near episode=22 interleaved=False pickups=3 deliveries=3
[ecology:learned] replay stage=butter tier=near episode=23 interleaved=False pickups=1 deliveries=0
[ecology:learned] replay stage=butter tier=near episode=24 interleaved=False pickups=1 deliveries=0
[ecology:learned] replay stage=butter tier=medium episode=25 interleaved=False pickups=1 deliveries=0
[ecology:learned] replay stage=butter tier=medium episode=26 interleaved=False pickups=2 deliveries=2
[ecology:learned] replay stage=butter tier=medium episode=27 interleaved=False pickups=4 deliveries=2
[ecology:learned] replay stage=butter tier=medium episode=28 interleaved=False pickups=1 deliveries=0
[ecology:learned] replay stage=butter tier=medium episode=29 interleaved=False pickups=3 deliveries=1
[ecology:learned] replay stage=butter tier=far episode=30 interleaved=False pickups=0 deliveries=0
[ecology:learned] replay stage=butter tier=far episode=31 interleaved=False pickups=0 deliveries=0
[ecology:learned] replay stage=butter tier=far episode=32 interleaved=False pickups=1 deliveries=0
[ecology:learned] replay stage=butter tier=far episode=33 interleaved=False pickups=0 deliveries=0
[ecology:learned] replay stage=butter tier=far episode=34 interleaved=False pickups=0 deliveries=0
[ecology:learned] replay stage=burning_match tier=near episode=35 interleaved=False pickups=3 deliveries=0
[ecology:learned] replay stage=burning_match tier=near episode=36 interleaved=False pickups=6 deliveries=3
[ecology:learned] replay stage=burning_match tier=near episode=37 interleaved=False pickups=2 deliveries=1
[ecology:learned] replay stage=butter tier=near episode=38 interleaved=True pickups=4 deliveries=0
[ecology:learned] replay stage=burning_match tier=near episode=39 interleaved=False pickups=3 deliveries=2
[ecology:learned] replay stage=burning_match tier=near episode=40 interleaved=False pickups=6 deliveries=3
[ecology:learned] replay stage=composite tier=far episode=41 interleaved=False pickups=1 deliveries=0
[ecology:learned] replay stage=butter tier=near episode=42 interleaved=True pickups=4 deliveries=0
[ecology:learned] replay stage=composite tier=far episode=43 interleaved=False pickups=1 deliveries=0
[ecology:learned] replay stage=composite tier=far episode=44 interleaved=False pickups=0 deliveries=0
[ecology:learned] replay stage=composite tier=far episode=45 interleaved=False pickups=0 deliveries=0
[ecology:learned] replay stage=butter tier=near episode=46 interleaved=True pickups=4 deliveries=0
[ecology:learned] replay stage=composite tier=far episode=47 interleaved=False pickups=1 deliveries=0
[ecology:learned] replay stage=wood_stick tier=far episode=48 interleaved=False pickups=0 deliveries=0
[ecology:learned] replay stage=wood_stick tier=far episode=49 interleaved=False pickups=0 deliveries=0
[ecology:learned] replay stage=butter tier=near episode=50 interleaved=True pickups=5 deliveries=2
[ecology:learned] replay stage=wood_stick tier=far episode=51 interleaved=False pickups=0 deliveries=0
[ecology:learned] replay stage=wood_stick tier=far episode=52 interleaved=False pickups=1 deliveries=1
[ecology:learned] replay stage=wood_stick tier=far episode=53 interleaved=False pickups=0 deliveries=0
[ecology:learned] replay stage=butter tier=near episode=54 interleaved=True pickups=9 deliveries=8
[ecology:no_optimize] replay stage=butter tier=near episode=0 interleaved=False pickups=0 deliveries=0
[ecology:no_optimize] replay stage=butter tier=near episode=1 interleaved=False pickups=2 deliveries=1
[ecology:no_optimize] replay stage=butter tier=near episode=2 interleaved=False pickups=1 deliveries=1
[ecology:no_optimize] replay stage=butter tier=near episode=3 interleaved=False pickups=3 deliveries=2
[ecology:no_optimize] replay stage=butter tier=near episode=4 interleaved=False pickups=4 deliveries=2
[ecology:no_optimize] replay stage=burning_match tier=near episode=5 interleaved=False pickups=3 deliveries=1
[ecology:no_optimize] replay stage=burning_match tier=near episode=6 interleaved=False pickups=4 deliveries=0
[ecology:no_optimize] replay stage=burning_match tier=near episode=7 interleaved=False pickups=3 deliveries=1
[ecology:no_optimize] replay stage=burning_match tier=near episode=8 interleaved=False pickups=4 deliveries=1
[ecology:no_optimize] replay stage=burning_match tier=near episode=9 interleaved=False pickups=5 deliveries=3
